// Jest Snapshot v1, https://goo.gl/fbAQLP

exports[`renderProducts 1`] = `[Function]`;

exports[`renderProducts 2`] = `[Function]`;
